// Jest Snapshot v1, https://goo.gl/fbAQLP

exports[`<FlipbookImage /> When no frames are loaded It should render 1`] = `
<div>
  <div
    className="FlipbookImage"
  >
    <div
      className="FlipbookImage__loading-status FlipbookImage__loading-status--no-frame-metadata"
      style={
        Object {
          "height": undefined,
          "width": undefined,
        }
      }
    >
      <svg
        className="ProgressCircle"
        height={120}
        viewBox="0 0 120 120"
        width={120}
      >
        <circle
          className="background"
          cx={60}
          cy={60}
          r={57.5}
          strokeWidth="5px"
        />
        <circle
          className="foreground"
          cx={60}
          cy={60}
          r={57.5}
          strokeWidth="5px"
          style={
            Object {
              "strokeDasharray": 361.28315516282623,
              "strokeDashoffset": 361.28315516282623,
            }
          }
        />
        <text
          className="text"
          dy=".4em"
          textAnchor="middle"
          x={60}
          y={60}
        >
          0%
        </text>
      </svg>
    </div>
  </div>
</div>
`;
