// Jest Snapshot v1, https://goo.gl/fbAQLP

exports[`<AssetsZeroState /> render() When there are assets Should not render anything 1`] = `null`;

exports[`<AssetsZeroState /> render() When there are no assets but there is a valid query Should render a zero state message 1`] = `
<div
  className="AssetsZeroState"
>
  <div
    className="AssetsZeroState__icon icon-search"
  />
  <div>
    <div>
      No results
    </div>
    <button
      className="AssetsZeroState__button"
      onClick={[Function]}
    >
      Clear Search
    </button>
  </div>
</div>
`;
